// Vitest Snapshot v1, https://vitest.dev/guide/snapshot.html

exports[`Search Page tests > should match snapshot 1`] = `
<DocumentFragment>
  <form
    class=""
  >
    <label
      class="form-label"
    >
      Search by ID, holder name or policy
    </label>
    <div
      class="d-flex align-items-center gap-2"
    >
      <input
        class="form-control form-control-lg"
        data-testid="search"
        id="search"
        name="search"
        placeholder="Enter query here..."
        type="text"
        value=""
      />
      <button
        class="btn btn-outline-secondary btn-sm"
        type="button"
      >
        Reset
      </button>
    </div>
  </form>
</DocumentFragment>
`;
