// Vitest Snapshot v1, https://vitest.dev/guide/snapshot.html

exports[`Search Page tests > should match snapshot 1`] = `
<DocumentFragment>
  <form
    class=""
  >
    <div
      class="mb-3"
    >
      <label
        class="form-label"
      >
        Search by ID, holder name or policy
      </label>
      <input
        class="form-control form-control-lg"
        data-testid="search"
        id="search"
        name="search"
        placeholder="Enter query here..."
        type="text"
        value=""
      />
    </div>
    <button
      class="mb-2 btn btn-primary btn-lg"
      type="submit"
    >
      Submit
    </button>
     
    <button
      class="mb-2 btn btn-outline-secondary btn-lg"
      type="submit"
    >
      Reset
    </button>
  </form>
</DocumentFragment>
`;
