// Vitest Snapshot v1, https://vitest.dev/guide/snapshot.html

exports[`Create Claim Page tests > should match snapshot 1`] = `
<div
  className="CreateClaim"
>
  <Header />
  <section
    className="CreateClaim__MainSection"
  >
    <h1>
      Create Claim
    </h1>
    <ClaimsForm />
  </section>
</div>
`;
