// Vitest Snapshot v1, https://vitest.dev/guide/snapshot.html

exports[`Claim List Page tests > should match snapshot 1`] = `
<DocumentFragment>
  <div
    class="ClaimList"
  >
    <div
      class="Header"
    >
      <h5>
        Header component
      </h5>
    </div>
    <section
      class="ClaimList__MainSection"
    >
      <h1>
        Overview claims
      </h1>
      <section
        class="ClaimList__Filter"
      >
        <form
          class=""
        >
          <div
            class="mb-3"
          >
            <label
              class="form-label"
            >
              Search by ID, holder name or policy
            </label>
            <input
              class="form-control form-control-lg"
              data-testid="search"
              id="search"
              name="search"
              placeholder="Enter query here..."
              type="text"
              value=""
            />
          </div>
          <button
            class="mb-2 btn btn-primary btn-lg"
            type="submit"
          >
            Submit
          </button>
           
          <button
            class="mb-2 btn btn-outline-secondary btn-lg"
            type="submit"
          >
            Reset
          </button>
        </form>
        <div
          class="StatusFilter"
        >
          <p>
            Filter by claim status
          </p>
          <select
            aria-label="Default select example"
            class="StatusFilter__Select form-select form-select-lg"
            data-testid="select"
            id="status"
          >
            <option
              value="ShowAll"
            >
              Show All
            </option>
            <option
              value="Submitted"
            >
              Submitted
            </option>
            <option
              value="Approved"
            >
              Approved
            </option>
            <option
              value="Processed"
            >
              Processed
            </option>
            <option
              value="Completed"
            >
              Completed
            </option>
            <option
              value="Rejected"
            >
              Rejected
            </option>
          </select>
        </div>
      </section>
      <a
        class="mb-2 btn btn-outline-success btn-lg"
        href="/?admin=true"
        role="button"
        tabindex="0"
      >
        Admin Section
      </a>
       
      <a
        class="mb-2 btn btn-outline-success btn-lg"
        href="/create-claim"
        role="button"
        tabindex="0"
      >
        Create a new claim
      </a>
      <section
        class="ClaimList__Table"
      >
        <div>
          <table
            class="table table-striped table-hover table-sm"
          >
            <thead>
              <tr>
                <th
                  style="cursor: default;"
                >
                  Claim ID
                </th>
                <th
                  style="cursor: default;"
                >
                  Status
                </th>
                <th
                  style="cursor: pointer;"
                >
                  Amount
                </th>
                <th
                  style="cursor: default;"
                >
                  Holder
                </th>
                <th
                  style="cursor: default;"
                >
                  Policy number
                </th>
                <th
                  style="cursor: default;"
                >
                  Insured item
                </th>
                <th
                  style="cursor: default;"
                >
                  Description
                </th>
                <th
                  style="cursor: default;"
                >
                  Incident date
                </th>
                <th
                  style="cursor: pointer;"
                >
                  Processing fee
                </th>
                <th
                  style="cursor: pointer;"
                >
                  Total amount
                </th>
                <th
                  style="cursor: pointer;"
                >
                  Created at
                </th>
              </tr>
            </thead>
            <tbody />
          </table>
          <div
            class="d-flex align-items-center gap-2"
          >
            <button
              class="btn btn-outline-secondary btn-sm"
              disabled=""
            >
              Previous
            </button>
            <span>
              Page 1 of 0
            </span>
            <button
              class="btn btn-outline-secondary btn-sm"
              disabled=""
            >
              Next
            </button>
          </div>
        </div>
      </section>
    </section>
  </div>
</DocumentFragment>
`;
